// Jest Snapshot v1, https://goo.gl/fbAQLP

exports[`<App /> has 1 child 1`] = `
<View
  style={
    Object {
      "alignItems": "center",
      "backgroundColor": "red",
      "flex": 1,
    }
  }
/>
`;
